192.168.1.1 - - [01/Jan/2025:00:00:01 +0000] "GET / HTTP/1.1" 200 1234
8.8.8.8 - - [01/Jan/2025:00:00:02 +0000] "GET /favicon.ico HTTP/1.1" 404 123
1.1.1.1 - - [01/Jan/2025:00:00:03 +0000] "GET /api/data HTTP/1.1" 200 5678
203.0.113.1 - - [01/Jan/2025:00:00:04 +0000] "POST /login HTTP/1.1" 401 234
198.51.100.1 - - [01/Jan/2025:00:00:05 +0000] "GET /admin HTTP/1.1" 403 345
8.8.8.8 - - [01/Jan/2025:00:00:06 +0000] "GET /robots.txt HTTP/1.1" 200 123
1.1.1.1 - - [01/Jan/2025:00:00:07 +0000] "GET /sitemap.xml HTTP/1.1" 200 456
203.0.113.1 - - [01/Jan/2025:00:00:08 +0000] "GET /contact HTTP/1.1" 200 789
198.51.100.1 - - [01/Jan/2025:00:00:09 +0000] "POST /api/submit HTTP/1.1" 200 234
8.8.8.8 - - [01/Jan/2025:00:00:10 +0000] "GET /about HTTP/1.1" 200 567
